[bootstrap.gallery/maxwell/designs/gradient-version/index.html]
[bootstrap.gallery/maxwell/designs/gradient-version/img/fav.png]
[backblue.gif]
[fade.gif]
[index.html]
[bootstrap.gallery/maxwell/designs/gradient-version/img/logo.png]
[bootstrap.gallery/maxwell/designs/gradient-version/img/user.png]
[bootstrap.gallery/maxwell/designs/gradient-version/account-settings.html]
[bootstrap.gallery/maxwell/designs/gradient-version/login.html]
[bootstrap.gallery/maxwell/designs/gradient-version/dashboard2.html]
[bootstrap.gallery/maxwell/designs/gradient-version/dashboard3.html]
[bootstrap.gallery/maxwell/designs/gradient-version/dashboard4.html]
[bootstrap.gallery/maxwell/designs/gradient-version/widgets.html]
[bootstrap.gallery/maxwell/designs/gradient-version/graph-widgets.html]
[bootstrap.gallery/maxwell/designs/gradient-version/calendar.html]
[bootstrap.gallery/maxwell/designs/gradient-version/calendar-external-draggable.html]
[bootstrap.gallery/maxwell/designs/gradient-version/calendar-google.html]
[bootstrap.gallery/maxwell/designs/gradient-version/calendar-list-view.html]
[bootstrap.gallery/maxwell/designs/gradient-version/calendar-selectable.html]
[bootstrap.gallery/maxwell/designs/gradient-version/calendar-week-numbers.html]
[bootstrap.gallery/maxwell/designs/gradient-version/default-layout.html]
[bootstrap.gallery/maxwell/designs/gradient-version/layout-option1.html]
[bootstrap.gallery/maxwell/designs/gradient-version/layout-option2.html]
[bootstrap.gallery/maxwell/designs/gradient-version/slim-sidebar.html]
[bootstrap.gallery/maxwell/designs/gradient-version/layout-sidebar-mini.html]
[bootstrap.gallery/maxwell/designs/gradient-version/layout-daterange.html]
[bootstrap.gallery/maxwell/designs/gradient-version/cards.html]
[bootstrap.gallery/maxwell/designs/gradient-version/grid.html]
[bootstrap.gallery/maxwell/designs/gradient-version/grid-doc.html]
[bootstrap.gallery/maxwell/designs/gradient-version/faq.html]
[bootstrap.gallery/maxwell/designs/gradient-version/gallery.html]
[bootstrap.gallery/maxwell/designs/gradient-version/invoice.html]
[bootstrap.gallery/maxwell/designs/gradient-version/pricing.html]
[bootstrap.gallery/maxwell/designs/gradient-version/search-results.html]
[bootstrap.gallery/maxwell/designs/gradient-version/timeline.html]
[bootstrap.gallery/maxwell/designs/gradient-version/user-profile.html]
[bootstrap.gallery/maxwell/designs/gradient-version/datepickers.html]
[bootstrap.gallery/maxwell/designs/gradient-version/editor.html]
[bootstrap.gallery/maxwell/designs/gradient-version/form-inputs.html]
[bootstrap.gallery/maxwell/designs/gradient-version/input-groups.html]
[bootstrap.gallery/maxwell/designs/gradient-version/check-radio.html]
[bootstrap.gallery/maxwell/designs/gradient-version/input-masks.html]
[bootstrap.gallery/maxwell/designs/gradient-version/input-tags.html]
[bootstrap.gallery/maxwell/designs/gradient-version/range-sliders.html]
[bootstrap.gallery/maxwell/designs/gradient-version/wizard.html]
[bootstrap.gallery/maxwell/designs/gradient-version/accordion.html]
[bootstrap.gallery/maxwell/designs/gradient-version/accordion-icons.html]
[bootstrap.gallery/maxwell/designs/gradient-version/accordion-arrows.html]
[bootstrap.gallery/maxwell/designs/gradient-version/accordion-lg.html]
[bootstrap.gallery/maxwell/designs/gradient-version/carousel.html]
[bootstrap.gallery/maxwell/designs/gradient-version/modals.html]
[bootstrap.gallery/maxwell/designs/gradient-version/alerts.html]
[bootstrap.gallery/maxwell/designs/gradient-version/tooltips.html]
[bootstrap.gallery/maxwell/designs/gradient-version/avatars.html]
[bootstrap.gallery/maxwell/designs/gradient-version/buttons.html]
[bootstrap.gallery/maxwell/designs/gradient-version/button-groups.html]
[bootstrap.gallery/maxwell/designs/gradient-version/dropdowns.html]
[bootstrap.gallery/maxwell/designs/gradient-version/icons.html]
[bootstrap.gallery/maxwell/designs/gradient-version/jumbotron.html]
[bootstrap.gallery/maxwell/designs/gradient-version/labels-badges.html]
[bootstrap.gallery/maxwell/designs/gradient-version/list-items.html]
[bootstrap.gallery/maxwell/designs/gradient-version/pagination.html]
[bootstrap.gallery/maxwell/designs/gradient-version/progress.html]
[bootstrap.gallery/maxwell/designs/gradient-version/pills.html]
[bootstrap.gallery/maxwell/designs/gradient-version/spinners.html]
[bootstrap.gallery/maxwell/designs/gradient-version/typography.html]
[bootstrap.gallery/maxwell/designs/gradient-version/images.html]
[bootstrap.gallery/maxwell/designs/gradient-version/text-avatars.html]
[bootstrap.gallery/maxwell/designs/gradient-version/custom-tables.html]
[bootstrap.gallery/maxwell/designs/gradient-version/default-table.html]
[bootstrap.gallery/maxwell/designs/gradient-version/data-tables.html]
[bootstrap.gallery/maxwell/designs/gradient-version/table-bordered.html]
[bootstrap.gallery/maxwell/designs/gradient-version/table-hover.html]
[bootstrap.gallery/maxwell/designs/gradient-version/table-striped.html]
[bootstrap.gallery/maxwell/designs/gradient-version/table-small.html]
[bootstrap.gallery/maxwell/designs/gradient-version/table-colors.html]
[bootstrap.gallery/maxwell/designs/gradient-version/apex-graphs.html]
[bootstrap.gallery/maxwell/designs/gradient-version/morris-graphs.html]
[bootstrap.gallery/maxwell/designs/gradient-version/vector-maps.html]
[bootstrap.gallery/maxwell/designs/gradient-version/signup.html]
[bootstrap.gallery/maxwell/designs/gradient-version/forgot-pwd.html]
[bootstrap.gallery/maxwell/designs/gradient-version/error.html]
[bootstrap.gallery/maxwell/designs/gradient-version/error2.html]
[bootstrap.gallery/maxwell/designs/gradient-version/coming-soon.html]
[bootstrap.gallery/maxwell/designs/gradient-version/img/mob1.jpg]
[bootstrap.gallery/maxwell/designs/gradient-version/js/jquery.min.js]
[bootstrap.gallery/maxwell/designs/gradient-version/js/bootstrap.bundle.min.js]
[bootstrap.gallery/maxwell/designs/gradient-version/js/moment.js]
[bootstrap.gallery/maxwell/designs/gradient-version/vendor/slimscroll/slimscroll.min.js]
[bootstrap.gallery/maxwell/designs/gradient-version/vendor/slimscroll/custom-scrollbar.js]
[bootstrap.gallery/maxwell/designs/gradient-version/vendor/polyfill/polyfill.min.js]
[bootstrap.gallery/maxwell/designs/gradient-version/vendor/polyfill/class-list.min.js]
[bootstrap.gallery/maxwell/designs/gradient-version/vendor/apex/apexcharts.min.js]
[bootstrap.gallery/maxwell/designs/gradient-version/vendor/apex/custom/home/lineRevenueGradientGraph.js]
[bootstrap.gallery/maxwell/designs/gradient-version/vendor/apex/custom/home/radialTasks.js]
[bootstrap.gallery/maxwell/designs/gradient-version/vendor/apex/custom/home/lineNewCustomersGradientGraph.js]
[bootstrap.gallery/maxwell/designs/gradient-version/vendor/peity/peity.min.js]
[bootstrap.gallery/maxwell/designs/gradient-version/vendor/peity/custom-peity.js]
[bootstrap.gallery/maxwell/designs/gradient-version/vendor/circliful/circliful.min.js]
[bootstrap.gallery/maxwell/designs/gradient-version/vendor/circliful/circliful.custom.js]
[bootstrap.gallery/maxwell/designs/gradient-version/js/main.js]
[bootstrap.gallery/maxwell/designs/gradient-version/index.html]
[bootstrap.gallery/maxwell/designs/gradient-version/css/bootstrap.min.css]
[bootstrap.gallery/maxwell/designs/gradient-version/fonts/icomoonf33b.eot]
[bootstrap.gallery/maxwell/designs/gradient-version/fonts/icomoonf33b.ttf]
[bootstrap.gallery/maxwell/designs/gradient-version/fonts/icomoonf33b.woff]
[bootstrap.gallery/maxwell/designs/gradient-version/fonts/style.css]
[bootstrap.gallery/maxwell/designs/gradient-version/img/login-bg.jpg]
[bootstrap.gallery/maxwell/designs/gradient-version/img/campaign.png]
[bootstrap.gallery/maxwell/designs/gradient-version/img/prime-users.png]
[bootstrap.gallery/maxwell/designs/gradient-version/css/main.css]
[bootstrap.gallery/maxwell/designs/gradient-version/css/chat.css]
[bootstrap.gallery/maxwell/designs/gradient-version/account-settings.html]
[bootstrap.gallery/maxwell/designs/gradient-version/img/logo-dark.png]
[bootstrap.gallery/maxwell/designs/gradient-version/login.html]
[bootstrap.gallery/maxwell/designs/gradient-version/dashboard2.html]
[bootstrap.gallery/maxwell/designs/gradient-version/vendor/apex/custom/graph-widgets/line-graph6.js]
[bootstrap.gallery/maxwell/designs/gradient-version/vendor/apex/custom/graph-widgets/line-graph8.js]
[bootstrap.gallery/maxwell/designs/gradient-version/vendor/rating/raty.js]
[bootstrap.gallery/maxwell/designs/gradient-version/vendor/rating/raty-custom.js]
[bootstrap.gallery/maxwell/designs/gradient-version/vendor/jvectormap/jquery-jvectormap-2.0.3.min.js]
[bootstrap.gallery/maxwell/designs/gradient-version/vendor/jvectormap/gdp-data.js]
[bootstrap.gallery/maxwell/designs/gradient-version/vendor/jvectormap/world-mill-en.js]
[bootstrap.gallery/maxwell/designs/gradient-version/vendor/jvectormap/custom/world-map-markers.js]
[bootstrap.gallery/maxwell/designs/gradient-version/dashboard3.html]
[bootstrap.gallery/maxwell/designs/gradient-version/dashboard4.html]
[bootstrap.gallery/maxwell/designs/gradient-version/img/user11.87.delayed]
[bootstrap.gallery/maxwell/designs/gradient-version/widgets.html]
[bootstrap.gallery/maxwell/designs/gradient-version/vendor/apex/custom/graph-widgets/line-graph.js]
[bootstrap.gallery/maxwell/designs/gradient-version/vendor/apex/custom/graph-widgets/line-graph2.js]
[bootstrap.gallery/maxwell/designs/gradient-version/vendor/apex/custom/graph-widgets/line-graph3.js]
[bootstrap.gallery/maxwell/designs/gradient-version/vendor/apex/custom/graph-widgets/line-graph4.js]
[bootstrap.gallery/maxwell/designs/gradient-version/vendor/apex/custom/graph-widgets/line-graph5.js]
[bootstrap.gallery/maxwell/designs/gradient-version/vendor/apex/custom/graph-widgets/line-graph7.js]
[bootstrap.gallery/maxwell/designs/gradient-version/graph-widgets.html]
[bootstrap.gallery/maxwell/designs/gradient-version/vendor/calendar/js/core/main.min.js]
[bootstrap.gallery/maxwell/designs/gradient-version/vendor/calendar/js/daygrid/main.min.js]
[bootstrap.gallery/maxwell/designs/gradient-version/vendor/calendar/js/interaction/main.min.js]
[bootstrap.gallery/maxwell/designs/gradient-version/vendor/calendar/js/custom.js]
[bootstrap.gallery/maxwell/designs/gradient-version/calendar.html]
[bootstrap.gallery/maxwell/designs/gradient-version/vendor/calendar/js/timegrid/main.min.js]
[bootstrap.gallery/maxwell/designs/gradient-version/vendor/calendar/js/list/main.min.js]
[bootstrap.gallery/maxwell/designs/gradient-version/vendor/calendar/js/custom-external-draggable-calendar.js]
[bootstrap.gallery/maxwell/designs/gradient-version/calendar-external-draggable.html]
[bootstrap.gallery/maxwell/designs/gradient-version/vendor/calendar/js/google-calendar/main.min.js]
[bootstrap.gallery/maxwell/designs/gradient-version/vendor/calendar/js/custom-google-calendar.js]
[bootstrap.gallery/maxwell/designs/gradient-version/calendar-google.html]
[bootstrap.gallery/maxwell/designs/gradient-version/vendor/calendar/js/custom-list-view.js]
[bootstrap.gallery/maxwell/designs/gradient-version/calendar-list-view.html]
[bootstrap.gallery/maxwell/designs/gradient-version/vendor/calendar/js/custom-selectable-calendar.js]
[bootstrap.gallery/maxwell/designs/gradient-version/calendar-selectable.html]
[bootstrap.gallery/maxwell/designs/gradient-version/vendor/calendar/js/custom-week-numbers.js]
[bootstrap.gallery/maxwell/designs/gradient-version/calendar-week-numbers.html]
[bootstrap.gallery/maxwell/designs/gradient-version/default-layout.html]
[bootstrap.gallery/maxwell/designs/gradient-version/layout-option1.html]
[bootstrap.gallery/maxwell/designs/gradient-version/layout-option2.html]
[bootstrap.gallery/maxwell/designs/gradient-version/slim-sidebar.html]
[bootstrap.gallery/maxwell/designs/gradient-version/layout-sidebar-mini.html]
[bootstrap.gallery/maxwell/designs/gradient-version/vendor/daterange/daterange.js]
[bootstrap.gallery/maxwell/designs/gradient-version/vendor/daterange/custom-daterange.js]
[bootstrap.gallery/maxwell/designs/gradient-version/layout-daterange.html]
[bootstrap.gallery/maxwell/designs/gradient-version/cards.html]
[bootstrap.gallery/maxwell/designs/gradient-version/vendor/prism/prism.js]
[bootstrap.gallery/maxwell/designs/gradient-version/grid.html]
[bootstrap.gallery/maxwell/designs/gradient-version/grid-doc.html]
[bootstrap.gallery/maxwell/designs/gradient-version/faq.html]
[bootstrap.gallery/maxwell/designs/gradient-version/vendor/gallery/baguetteBox.js]
[bootstrap.gallery/maxwell/designs/gradient-version/vendor/gallery/plugins.js]
[bootstrap.gallery/maxwell/designs/gradient-version/vendor/gallery/custom-gallery.js]
[bootstrap.gallery/maxwell/designs/gradient-version/gallery.html]
[bootstrap.gallery/maxwell/designs/gradient-version/invoice.html]
[bootstrap.gallery/maxwell/designs/gradient-version/pricing.html]
[bootstrap.gallery/maxwell/designs/gradient-version/search-results.html]
[bootstrap.gallery/maxwell/designs/gradient-version/timeline.html]
[bootstrap.gallery/maxwell/designs/gradient-version/user-profile.html]
[bootstrap.gallery/maxwell/designs/gradient-version/vendor/datepicker/js/picker.js]
[bootstrap.gallery/maxwell/designs/gradient-version/vendor/datepicker/js/picker.date.js]
[bootstrap.gallery/maxwell/designs/gradient-version/vendor/datepicker/js/custom-picker.js]
[bootstrap.gallery/maxwell/designs/gradient-version/datepickers.html]
[bootstrap.gallery/maxwell/designs/gradient-version/vendor/summernote/summernote-bs4.js]
[bootstrap.gallery/maxwell/designs/gradient-version/editor.html]
[bootstrap.gallery/maxwell/designs/gradient-version/form-inputs.html]
[bootstrap.gallery/maxwell/designs/gradient-version/input-groups.html]
[bootstrap.gallery/maxwell/designs/gradient-version/check-radio.html]
[bootstrap.gallery/maxwell/designs/gradient-version/img/cards/mastercard.png]
[bootstrap.gallery/maxwell/designs/gradient-version/img/cards/visa.png]
[bootstrap.gallery/maxwell/designs/gradient-version/img/cards/american-express.png]
[bootstrap.gallery/maxwell/designs/gradient-version/img/cards/jcb.png]
[bootstrap.gallery/maxwell/designs/gradient-version/img/cards/diners.png]
[bootstrap.gallery/maxwell/designs/gradient-version/img/cards/discover.png]
[bootstrap.gallery/maxwell/designs/gradient-version/vendor/input-masks/cleave.min.js]
[bootstrap.gallery/maxwell/designs/gradient-version/vendor/input-masks/cleave-phone.js]
[bootstrap.gallery/maxwell/designs/gradient-version/vendor/input-masks/cleave-custom.js]
[bootstrap.gallery/maxwell/designs/gradient-version/input-masks.html]
[bootstrap.gallery/maxwell/designs/gradient-version/vendor/input-tags/tagsinput.min.js]
[bootstrap.gallery/maxwell/designs/gradient-version/vendor/input-tags/typeahead.js]
[bootstrap.gallery/maxwell/designs/gradient-version/vendor/input-tags/tagsinput-custom.js]
[bootstrap.gallery/maxwell/designs/gradient-version/input-tags.html]
[bootstrap.gallery/maxwell/designs/gradient-version/vendor/range-slider/ion.rangeSlider.min.js]
[bootstrap.gallery/maxwell/designs/gradient-version/vendor/range-slider/rangeSlider-custom.js]
[bootstrap.gallery/maxwell/designs/gradient-version/range-sliders.html]
[bootstrap.gallery/maxwell/designs/gradient-version/vendor/wizard/jquery.steps.min.js]
[bootstrap.gallery/maxwell/designs/gradient-version/vendor/wizard/jquery.steps.custom.js]
[bootstrap.gallery/maxwell/designs/gradient-version/wizard.html]
[bootstrap.gallery/maxwell/designs/gradient-version/accordion.html]
[bootstrap.gallery/maxwell/designs/gradient-version/accordion-icons.html]
[bootstrap.gallery/maxwell/designs/gradient-version/accordion-arrows.html]
[bootstrap.gallery/maxwell/designs/gradient-version/accordion-lg.html]
[bootstrap.gallery/maxwell/designs/gradient-version/carousel.html]
[bootstrap.gallery/maxwell/designs/gradient-version/modals.html]
[bootstrap.gallery/maxwell/designs/gradient-version/js/jquery.easing.1.3.js]
[bootstrap.gallery/maxwell/designs/gradient-version/vendor/notify/notify.js]
[bootstrap.gallery/maxwell/designs/gradient-version/vendor/notify/notify-custom.js]
[bootstrap.gallery/maxwell/designs/gradient-version/alerts.html]
[bootstrap.gallery/maxwell/designs/gradient-version/tooltips.html]
[bootstrap.gallery/maxwell/designs/gradient-version/avatars.html]
[bootstrap.gallery/maxwell/designs/gradient-version/buttons.html]
[bootstrap.gallery/maxwell/designs/gradient-version/button-groups.html]
[bootstrap.gallery/maxwell/designs/gradient-version/dropdowns.html]
[bootstrap.gallery/maxwell/designs/gradient-version/icons.html]
[bootstrap.gallery/maxwell/designs/gradient-version/jumbotron.html]
[bootstrap.gallery/maxwell/designs/gradient-version/labels-badges.html]
[bootstrap.gallery/maxwell/designs/gradient-version/list-items.html]
[bootstrap.gallery/maxwell/designs/gradient-version/pagination.html]
[bootstrap.gallery/maxwell/designs/gradient-version/progress.html]
[bootstrap.gallery/maxwell/designs/gradient-version/pills.html]
[bootstrap.gallery/maxwell/designs/gradient-version/spinners.html]
[bootstrap.gallery/maxwell/designs/gradient-version/typography.html]
[bootstrap.gallery/maxwell/designs/gradient-version/images.html]
[bootstrap.gallery/maxwell/designs/gradient-version/text-avatars.html]
[bootstrap.gallery/maxwell/designs/gradient-version/vendor/datatables/dataTables.min.js]
[bootstrap.gallery/maxwell/designs/gradient-version/vendor/datatables/dataTables.bootstrap.min.js]
[bootstrap.gallery/maxwell/designs/gradient-version/vendor/datatables/custom/custom-datatables.js]
[bootstrap.gallery/maxwell/designs/gradient-version/vendor/datatables/custom/fixedHeader.js]
[bootstrap.gallery/maxwell/designs/gradient-version/vendor/datatables/buttons.min.js]
[bootstrap.gallery/maxwell/designs/gradient-version/vendor/datatables/jszip.min.js]
[bootstrap.gallery/maxwell/designs/gradient-version/vendor/datatables/vfs_fonts.js]
[bootstrap.gallery/maxwell/designs/gradient-version/vendor/datatables/html5.min.js]
[bootstrap.gallery/maxwell/designs/gradient-version/vendor/datatables/buttons.print.min.js]
[bootstrap.gallery/maxwell/designs/gradient-version/data-tables.html]
[bootstrap.gallery/maxwell/designs/gradient-version/custom-tables.html]
[bootstrap.gallery/maxwell/designs/gradient-version/default-table.html]
[bootstrap.gallery/maxwell/designs/gradient-version/table-bordered.html]
[bootstrap.gallery/maxwell/designs/gradient-version/table-hover.html]
[bootstrap.gallery/maxwell/designs/gradient-version/table-striped.html]
[bootstrap.gallery/maxwell/designs/gradient-version/table-small.html]
[bootstrap.gallery/maxwell/designs/gradient-version/table-colors.html]
[bootstrap.gallery/maxwell/designs/gradient-version/area-graphs.d7.delayed]
[bootstrap.gallery/maxwell/designs/gradient-version/vendor/apex/examples/area/basic-area-graph.js]
[bootstrap.gallery/maxwell/designs/gradient-version/vendor/apex/examples/area/basic-area-graph-spline.js]
[bootstrap.gallery/maxwell/designs/gradient-version/vendor/apex/examples/area/basic-area-graph-stacked.js]
[bootstrap.gallery/maxwell/designs/gradient-version/vendor/apex/examples/bar/basic-bar-graph.js]
[bootstrap.gallery/maxwell/designs/gradient-version/vendor/apex/examples/bar/basic-bar-graph-grouped.js]
[bootstrap.gallery/maxwell/designs/gradient-version/vendor/apex/examples/bar/basic-bar-stack-graph.js]
[bootstrap.gallery/maxwell/designs/gradient-version/vendor/apex/examples/bar/basic-bar-stack-graph-full-width.js]
[bootstrap.gallery/maxwell/designs/gradient-version/vendor/apex/examples/bar/basic-bar-negative-values.js]
[bootstrap.gallery/maxwell/designs/gradient-version/vendor/apex/examples/candlestick/basic-candlestick-graph.js]
[bootstrap.gallery/maxwell/designs/gradient-version/vendor/apex/examples/column/basic-column-graph.js]
[bootstrap.gallery/maxwell/designs/gradient-version/vendor/apex/examples/column/basic-column-graph-datalables.js]
[bootstrap.gallery/maxwell/designs/gradient-version/vendor/apex/examples/column/basic-column-stack-graph.js]
[bootstrap.gallery/maxwell/designs/gradient-version/vendor/apex/examples/column/basic-column-stack-graph-fullheight.js]
[bootstrap.gallery/maxwell/designs/gradient-version/vendor/apex/examples/line/basic-line-graph.js]
[bootstrap.gallery/maxwell/designs/gradient-version/vendor/apex/examples/line/line-with-data-labels.js]
[bootstrap.gallery/maxwell/designs/gradient-version/vendor/apex/examples/line/stepline.js]
[bootstrap.gallery/maxwell/designs/gradient-version/vendor/apex/examples/pie/basic-donut-graph.js]
[bootstrap.gallery/maxwell/designs/gradient-version/vendor/apex/examples/pie/basic-donut-graph-gradient.js]
[bootstrap.gallery/maxwell/designs/gradient-version/vendor/apex/examples/pie/basic-donut-graph-monochrome-gradient.js]
[bootstrap.gallery/maxwell/designs/gradient-version/vendor/apex/examples/pie/basic-donut-graph-monochrome.js]
[bootstrap.gallery/maxwell/designs/gradient-version/vendor/apex/examples/pie/basic-pie-graph.js]
[bootstrap.gallery/maxwell/designs/gradient-version/vendor/apex/examples/pie/basic-pie-graph-gradient.js]
[bootstrap.gallery/maxwell/designs/gradient-version/vendor/apex/examples/pie/basic-pie-graph-monochrome.js]
[bootstrap.gallery/maxwell/designs/gradient-version/vendor/apex/examples/pie/basic-pie-graph-monochrome-gradient.js]
[bootstrap.gallery/maxwell/designs/gradient-version/apex-graphs.html]
[bootstrap.gallery/maxwell/designs/gradient-version/vendor/morris/raphael-min.js]
[bootstrap.gallery/maxwell/designs/gradient-version/vendor/morris/morris.min.js]
[bootstrap.gallery/maxwell/designs/gradient-version/vendor/morris/custom/areaChart.js]
[bootstrap.gallery/maxwell/designs/gradient-version/vendor/morris/custom/xLabelsDiagonally.js]
[bootstrap.gallery/maxwell/designs/gradient-version/vendor/morris/custom/barColors.js]
[bootstrap.gallery/maxwell/designs/gradient-version/vendor/morris/custom/barNoAxis.js]
[bootstrap.gallery/maxwell/designs/gradient-version/vendor/morris/custom/dayData.js]
[bootstrap.gallery/maxwell/designs/gradient-version/vendor/morris/custom/donutColors.js]
[bootstrap.gallery/maxwell/designs/gradient-version/vendor/morris/custom/donutFormatter.js]
[bootstrap.gallery/maxwell/designs/gradient-version/vendor/morris/custom/morrisBarChart.js]
[bootstrap.gallery/maxwell/designs/gradient-version/vendor/morris/custom/negativeValues.js]
[cdnjs.cloudflare.com/ajax/libs/pdfmake/0.1.53/pdfmake.min.js]
[bootstrap.gallery/maxwell/designs/gradient-version/vendor/morris/custom/stackedBarChart.js]
[bootstrap.gallery/maxwell/designs/gradient-version/morris-graphs.html]
[bootstrap.gallery/maxwell/designs/gradient-version/vendor/jvectormap/usa.js]
[bootstrap.gallery/maxwell/designs/gradient-version/vendor/jvectormap/africa-mill.js]
[bootstrap.gallery/maxwell/designs/gradient-version/vendor/jvectormap/dk-mill.js]
[bootstrap.gallery/maxwell/designs/gradient-version/vendor/jvectormap/europe-mill.js]
[bootstrap.gallery/maxwell/designs/gradient-version/vendor/jvectormap/de-merc.js]
[bootstrap.gallery/maxwell/designs/gradient-version/vendor/jvectormap/us_aea.js]
[bootstrap.gallery/maxwell/designs/gradient-version/vendor/jvectormap/custom/resions-with-labels.js]
[bootstrap.gallery/maxwell/designs/gradient-version/vendor/jvectormap/custom/regions-selection.js]
[bootstrap.gallery/maxwell/designs/gradient-version/vendor/jvectormap/custom/custom-denmark.js]
[bootstrap.gallery/maxwell/designs/gradient-version/vendor/jvectormap/custom/map-usa.js]
[bootstrap.gallery/maxwell/designs/gradient-version/vendor/jvectormap/custom/map-europe.js]
[bootstrap.gallery/maxwell/designs/gradient-version/vendor/jvectormap/custom/map-africa.js]
[bootstrap.gallery/maxwell/designs/gradient-version/vendor/jvectormap/custom/world-map-gdp.js]
[bootstrap.gallery/maxwell/designs/gradient-version/vector-maps.html]
[bootstrap.gallery/maxwell/designs/gradient-version/signup.html]
[bootstrap.gallery/maxwell/designs/gradient-version/forgot-pwd.html]
[bootstrap.gallery/maxwell/designs/gradient-version/vendor/particles/particles.min.js]
[bootstrap.gallery/maxwell/designs/gradient-version/vendor/particles/particles-custom-error.js]
[bootstrap.gallery/maxwell/designs/gradient-version/error.html]
[bootstrap.gallery/maxwell/designs/gradient-version/error2.html]
[bootstrap.gallery/maxwell/designs/gradient-version/vendor/particles/particles-custom.js]
[bootstrap.gallery/maxwell/designs/gradient-version/js/coming-soon.js]
[bootstrap.gallery/maxwell/designs/gradient-version/coming-soon.html]
[bootstrap.gallery/maxwell/designs/gradient-version/img/chat.svg]
[bootstrap.gallery/maxwell/designs/gradient-version/fonts/icomoonf33b.svg]
[bootstrap.gallery/maxwell/designs/gradient-version/img/lines.svg]
[bootstrap.gallery/maxwell/designs/gradient-version/img/menu-arrow.svg]
[bootstrap.gallery/maxwell/designs/gradient-version/img/dashed-circles.svg]
[bootstrap.gallery/maxwell/designs/gradient-version/img/browsers/chrome.svg]
[bootstrap.gallery/maxwell/designs/gradient-version/img/browsers/firefox.svg]
[bootstrap.gallery/maxwell/designs/gradient-version/img/browsers/opera.svg]
[bootstrap.gallery/maxwell/designs/gradient-version/img/browsers/safari2.svg]
[bootstrap.gallery/maxwell/designs/gradient-version/img/browsers/edge.svg]
[bootstrap.gallery/maxwell/designs/gradient-version/flags/4x3/us.svg]
[bootstrap.gallery/maxwell/designs/gradient-version/flags/4x3/ca.svg]
[bootstrap.gallery/maxwell/designs/gradient-version/flags/4x3/in.svg]
[bootstrap.gallery/maxwell/designs/gradient-version/flags/4x3/de.svg]
[bootstrap.gallery/maxwell/designs/gradient-version/flags/4x3/br.svg]
[bootstrap.gallery/maxwell/designs/gradient-version/flags/4x3/tr.svg]
[bootstrap.gallery/maxwell/designs/gradient-version/flags/4x3/no.svg]
[bootstrap.gallery/maxwell/designs/gradient-version/flags/4x3/ua.svg]
[bootstrap.gallery/maxwell/designs/gradient-version/img/user11.html]
[bootstrap.gallery/maxwell/designs/gradient-version/vendor/calendar/css/core/main.css]
[bootstrap.gallery/maxwell/designs/gradient-version/vendor/calendar/css/daygrid/main.css]
[bootstrap.gallery/maxwell/designs/gradient-version/vendor/calendar/css/list/main.css]
[bootstrap.gallery/maxwell/designs/gradient-version/vendor/calendar/css/timegrid/main.css]
[bootstrap.gallery/maxwell/designs/gradient-version/vendor/daterange/daterange.css]
[bootstrap.gallery/maxwell/designs/gradient-version/vendor/prism/prism.css]
[bootstrap.gallery/maxwell/designs/gradient-version/vendor/gallery/gallery.css]
[bootstrap.gallery/maxwell/designs/gradient-version/vendor/datepicker/css/classic.css]
[bootstrap.gallery/maxwell/designs/gradient-version/vendor/datepicker/css/classic.date.css]
[bootstrap.gallery/maxwell/designs/gradient-version/vendor/summernote/fonts/summernote.eot]
[bootstrap.gallery/maxwell/designs/gradient-version/vendor/summernote/fonts/summernote.woff]
[bootstrap.gallery/maxwell/designs/gradient-version/vendor/summernote/fonts/summernoted41d.eot]
[bootstrap.gallery/maxwell/designs/gradient-version/vendor/summernote/fonts/summernote.ttf]
[bootstrap.gallery/maxwell/designs/gradient-version/vendor/summernote/summernote-bs4.css]
[bootstrap.gallery/maxwell/designs/gradient-version/vendor/input-tags/tagsinput.css]
[bootstrap.gallery/maxwell/designs/gradient-version/vendor/range-slider/ion.rangeSlider.css]
[bootstrap.gallery/maxwell/designs/gradient-version/vendor/wizard/jquery.steps.css]
[bootstrap.gallery/maxwell/designs/gradient-version/vendor/notify/notify-flat.css]
[bootstrap.gallery/maxwell/designs/gradient-version/vendor/datatables/dataTables.bs4.css]
[bootstrap.gallery/maxwell/designs/gradient-version/vendor/datatables/dataTables.bs4-custom.css]
[bootstrap.gallery/maxwell/designs/gradient-version/vendor/datatables/buttons.bs.css]
[bootstrap.gallery/maxwell/designs/gradient-version/flags/1x1/hk.svg]
[bootstrap.gallery/maxwell/designs/gradient-version/flags/1x1/au.svg]
[bootstrap.gallery/maxwell/designs/gradient-version/flags/1x1/tz.svg]
[bootstrap.gallery/maxwell/designs/gradient-version/flags/1x1/ru.svg]
[bootstrap.gallery/maxwell/designs/gradient-version/flags/1x1/de.svg]
[bootstrap.gallery/maxwell/designs/gradient-version/area-graphs.html]
[bootstrap.gallery/maxwell/designs/gradient-version/vendor/morris/morris.css]
[bootstrap.gallery/maxwell/designs/gradient-version/vendor/particles/particles.css]
